// Jest Snapshot v1, https://goo.gl/fbAQLP

exports[`it should render ExpenseListItem component with expenses 1`] = `
<div>
  <Link
    replace={false}
    to="/edit/1"
  >
     
    <p>
      Description: 
      Gum
    </p>
     
  </Link>
  <p>
    Amount: 
    1.95
     GBP
  </p>
  <p>
    Created at: 
    0
  </p>
</div>
`;
